// Jest Snapshot v1, https://goo.gl/fbAQLP

exports[`<App /> renders correctly using render 1`] = `
LoadedCheerio {
  "0": <div
    class="container"
  >
    <h2>
      React Testing with Jest and Enzyme
    </h2>
    <div
      class="row"
    >
      <p>
        Loading...
      </p>
    </div>
  </div>,
  "1": <div>
    <h2>
      Welcome on board!
    </h2>
  </div>,
  "_root": LoadedCheerio {
    "0": Document {
      "children": Array [
        <html>
          <head />
          <body />
        </html>,
      ],
      "endIndex": null,
      "next": null,
      "parent": null,
      "prev": null,
      "startIndex": null,
      "type": "root",
      "x-mode": "quirks",
    },
    "_root": [Circular],
    "length": 1,
    "options": Object {
      "decodeEntities": true,
      "xml": false,
    },
  },
  "length": 2,
  "options": Object {
    "decodeEntities": true,
    "xml": false,
  },
}
`;

exports[`<App /> renders correctly using shallow 1`] = `ShallowWrapper {}`;
